[Licensing::Module] Trying to connect to existing licensing client channel...
Built from '6000.3/staging' branch; Version is '6000.3.10f1 (e35f0c77bd8e) revision 14901004'; Using compiler version '194234433'; Build Type 'Release'
OS: 'Windows 10  (10.0.19045) 64bit Professional' Language: 'ko' Physical Memory: 32698 MB
[Licensing::IpcConnector] Successfully connected to: "LicenseClient-user" at "2026-04-13T05:28:25.2358144Z"
BatchMode: 1, IsHumanControllingUs: 0, StartBugReporterOnCrash: 0, Is64bit: 1
System  architecture: x64
Process architecture: x64
Date: 2026-04-13T05:28:25Z

COMMAND LINE ARGUMENTS:
C:\Program Files\Unity\Hub\Editor\6000.3.10f1\Editor\Unity.exe
-adb2
-batchMode
-noUpm
-name
AssetImportWorker3
-projectPath
D:/Unity/M2MqttUnity-master/M2MqttUnity-master
-logFile
Logs/AssetImportWorker3.log
-srvPort
50137
-licensingIpc
LicenseClient-user
-job-worker-count
7
-background-job-worker-count
8
-gc-helper-count
1
-name
AssetImport
Successfully changed project path to: D:/Unity/M2MqttUnity-master/M2MqttUnity-master
D:/Unity/M2MqttUnity-master/M2MqttUnity-master
[UnityMemory] Configuration Parameters - Can be set up in boot.config
    "memorysetup-temp-allocator-size-nav-mesh-worker=65536"
    "memorysetup-temp-allocator-size-audio-worker=65536"
    "memorysetup-temp-allocator-size-gfx=262144"
    "memorysetup-allocator-temp-initial-block-size-main=262144"
    "memorysetup-allocator-temp-initial-block-size-worker=262144"
    "memorysetup-temp-allocator-size-background-worker=32768"
    "memorysetup-temp-allocator-size-job-worker=262144"
    "memorysetup-temp-allocator-size-preload-manager=33554432"
    "memorysetup-temp-allocator-size-gi-baking-worker=262144"
    "memorysetup-temp-allocator-size-gi-baking-worker=262144"
    "memorysetup-temp-allocator-size-gi-baking-worker=262144"
    "memorysetup-temp-allocator-size-gi-baking-worker=262144"
    "memorysetup-temp-allocator-size-gi-baking-worker=262144"
    "memorysetup-bucket-allocator-granularity=16"
    "memorysetup-bucket-allocator-bucket-count=8"
    "memorysetup-bucket-allocator-block-size=33554432"
    "memorysetup-bucket-allocator-block-count=8"
    "memorysetup-main-allocator-block-size=16777216"
    "memorysetup-thread-allocator-block-size=16777216"
    "memorysetup-gfx-main-allocator-block-size=16777216"
    "memorysetup-gfx-thread-allocator-block-size=16777216"
    "memorysetup-cache-allocator-block-size=4194304"
    "memorysetup-typetree-allocator-block-size=2097152"
    "memorysetup-profiler-bucket-allocator-granularity=16"
    "memorysetup-profiler-bucket-allocator-bucket-count=8"
    "memorysetup-profiler-bucket-allocator-block-size=33554432"
    "memorysetup-profiler-bucket-allocator-block-count=8"
    "memorysetup-profiler-allocator-block-size=16777216"
    "memorysetup-profiler-editor-allocator-block-size=1048576"
    "memorysetup-temp-allocator-size-main=16777216"
    "memorysetup-job-temp-allocator-block-size=2097152"
    "memorysetup-job-temp-allocator-block-size-background=1048576"
    "memorysetup-job-temp-allocator-reduction-small-platforms=262144"
    "memorysetup-temp-allocator-size-cloud-worker=32768"
Player connection [5544]  Target information:

Player connection [5544]  * "[IP] 192.168.0.128 [Port] 0 [Flags] 2 [Guid] 2279496953 [EditorId] 2279496953 [Version] 1048832 [Id] WindowsEditor(7,DESKTOP-LIDFB5T) [Debug] 1 [PackageName] WindowsEditor [ProjectName] Editor" 

Player connection [5544] Host joined multi-casting on [225.0.0.222:54997]...
Player connection [5544] Host joined alternative multi-casting on [225.0.0.222:34997]...
JobSystem: Creating JobQueue using job-worker-count value 7
Input System module state changed to: Initialized.
[Physics::Module] Initialized fallback backend.
[Physics::Module] Id: 0xdecafbad
Library Redirect Path: Library/
[Physics::Module] Selected backend.
[Physics::Module] Name: PhysX
[Physics::Module] Id: 0xf2b8ea05
[Physics::Module] SDK Version: 4.1.2
[Physics::Module] Integration Version: 1.0.0
[Physics::Module] Threading Mode: Multi-Threaded
Refreshing native plugins compatible for Editor in 0.00 ms, found 0 plugins.
Preloading 0 native plugins for Editor in 0.00 ms.
Initialize engine version: 6000.3.10f1 (e35f0c77bd8e)
[Subsystems] Discovering subsystems at path C:/Program Files/Unity/Hub/Editor/6000.3.10f1/Editor/Data/Resources/UnitySubsystems
[Subsystems] Discovering subsystems at path D:/Unity/M2MqttUnity-master/M2MqttUnity-master/Assets
GfxDevice: creating device client; kGfxThreadingModeNonThreaded
Direct3D:
    Version:  Direct3D 11.0 [level 11.1]
    Renderer: NVIDIA GeForce RTX 3070 (ID=0x2484)
    Vendor:   NVIDIA
    VRAM:     8018 MB
    Driver:   32.0.15.6094
Initialize mono
Mono path[0] = 'C:/Program Files/Unity/Hub/Editor/6000.3.10f1/Editor/Data/Managed'
Mono path[1] = 'C:/Program Files/Unity/Hub/Editor/6000.3.10f1/Editor/Data/MonoBleedingEdge/lib/mono/unityjit-win32'
Mono config path = 'C:/Program Files/Unity/Hub/Editor/6000.3.10f1/Editor/Data/MonoBleedingEdge/etc'
Using monoOptions --debugger-agent=transport=dt_socket,embedding=1,server=y,suspend=n,address=127.0.0.1:56724
Begin MonoManager ReloadAssembly
Registering precompiled unity dll's ...
Register platform support module: C:/Program Files/Unity/Hub/Editor/6000.3.10f1/Editor/Data/PlaybackEngines/WindowsStandaloneSupport/UnityEditor.WindowsStandalone.Extensions.dll
[Licensing::Module] Licensing is not yet initialized.
[Licensing::Client] Handshaking with LicensingClient:
  Version:                 1.17.4+4293ba1
  Session Id:              1beb92df8d0f47178701f6764557d523
  Correlation Id:          73867b67d8827ce470a4aa81f011c35c
  External correlation Id: 1682129638030962319
  Machine Id:              L+r/UZ9lcHouvbdSEg5AG08JktI=
[Licensing::Module] Successfully connected to LicensingClient on channel: "LicenseClient-user" (connect: 0.00s, validation: 0.01s, handshake: 0.84s)
[Licensing::IpcConnector] Successfully connected to: "LicenseClient-user-notifications" at "2026-04-13T05:28:26.0821313Z"
[Licensing::Module] Licensing Background thread has ended after 0.85s
[Licensing::Module] Licensing is initialized (took 0.19s).
[Licensing::Client] Successfully resolved entitlement details
[Licensing::Module] License group:
  Id: 14568910400817-UnityPersXXXX
  Product: Unity Personal
  Type: Assigned
  Expiration: Unlimited
Register platform support module: C:/Program Files/Unity/Hub/Editor/6000.3.10f1/Editor/Data/PlaybackEngines/AndroidPlayer/UnityEditor.Android.Extensions.dll
[Licensing::Client] Successfully resolved entitlement details
Register platform support module: C:/Program Files/Unity/Hub/Editor/6000.3.10f1/Editor/Data/PlaybackEngines/iOSSupport/UnityEditor.iOS.Extensions.dll
Registered in 0.194105 seconds.
- Loaded All Assemblies, in  0.609 seconds
[usbmuxd] Start listen thread
[usbmuxd] Listen thread started
Native extension for iOS target not found
Native extension for Android target not found
Android Extension - Scanning For ADB Devices 266 ms
Native extension for WindowsStandalone target not found
ScheduleIndexationOnStartup MainProcess:False IndexOnStartup:True
Mono: successfully reloaded assembly
- Finished resetting the current domain, in  0.687 seconds
Domain Reload Profiling: 1294ms
	BeginReloadAssembly (143ms)
		ExecutionOrderSort (0ms)
		DisableScriptedObjects (0ms)
		BackupInstance (0ms)
		ReleaseScriptingObjects (0ms)
		CreateAndSetChildDomain (1ms)
	RebuildCommonClasses (42ms)
	RebuildNativeTypeToScriptingClass (13ms)
	initialDomainReloadingComplete (240ms)
	LoadAllAssembliesAndSetupDomain (170ms)
		LoadAssemblies (140ms)
		RebuildTransferFunctionScriptingTraits (0ms)
		AnalyzeDomain (165ms)
			TypeCache.Refresh (164ms)
				TypeCache.ScanAssembly (151ms)
			BuildScriptInfoCaches (0ms)
			ResolveRequiredComponents (0ms)
	FinalizeReload (687ms)
		ReleaseScriptCaches (0ms)
		RebuildScriptCaches (0ms)
		SetupLoadedEditorAssemblies (654ms)
			LogAssemblyErrors (0ms)
			InitializePlatformSupportModulesInManaged (356ms)
			SetLoadedEditorAssemblies (3ms)
			BeforeProcessingInitializeOnLoad (86ms)
			ProcessInitializeOnLoadAttributes (143ms)
			ProcessInitializeOnLoadMethodAttributes (65ms)
			AfterProcessingInitializeOnLoad (0ms)
			EditorAssembliesLoaded (0ms)
		ExecutionOrderSort2 (0ms)
		AwakeInstancesAfterBackupRestoration (0ms)
========================================================================
Worker process is ready to serve import requests
Import Worker Mode flag is 0x00
Begin MonoManager ReloadAssembly
[Licensing::Client] Successfully resolved entitlement details
- Loaded All Assemblies, in  0.273 seconds
Refreshing native plugins compatible for Editor in 0.00 ms, found 0 plugins.
Native extension for iOS target not found
Native extension for Android target not found
Native extension for WindowsStandalone target not found
ScheduleIndexationOnStartup MainProcess:False IndexOnStartup:True
Mono: successfully reloaded assembly
- Finished resetting the current domain, in  0.359 seconds
Domain Reload Profiling: 629ms
	BeginReloadAssembly (174ms)
		ExecutionOrderSort (0ms)
		DisableScriptedObjects (6ms)
		BackupInstance (0ms)
		ReleaseScriptingObjects (0ms)
		CreateAndSetChildDomain (36ms)
	RebuildCommonClasses (35ms)
	RebuildNativeTypeToScriptingClass (11ms)
	initialDomainReloadingComplete (18ms)
	LoadAllAssembliesAndSetupDomain (31ms)
		LoadAssemblies (100ms)
		RebuildTransferFunctionScriptingTraits (0ms)
		AnalyzeDomain (24ms)
			TypeCache.Refresh (20ms)
				TypeCache.ScanAssembly (10ms)
			BuildScriptInfoCaches (1ms)
			ResolveRequiredComponents (0ms)
	FinalizeReload (359ms)
		ReleaseScriptCaches (0ms)
		RebuildScriptCaches (0ms)
		SetupLoadedEditorAssemblies (274ms)
			LogAssemblyErrors (0ms)
			InitializePlatformSupportModulesInManaged (10ms)
			SetLoadedEditorAssemblies (2ms)
			BeforeProcessingInitializeOnLoad (96ms)
			ProcessInitializeOnLoadAttributes (127ms)
			ProcessInitializeOnLoadMethodAttributes (32ms)
			AfterProcessingInitializeOnLoad (5ms)
			EditorAssembliesLoaded (0ms)
		ExecutionOrderSort2 (0ms)
		AwakeInstancesAfterBackupRestoration (5ms)
Launched and connected shader compiler UnityShaderCompiler.exe after 0.01 seconds
Refreshing native plugins compatible for Editor in 0.00 ms, found 0 plugins.
Preloading 0 native plugins for Editor in 0.00 ms.
Unloading 0 Unused Serialized files (Serialized files now loaded: 0)
Unloading 113 unused Assets / (30.9 KB). Loaded Objects now: 706.
Memory consumption went from 64.1 MB to 64.1 MB.
Total: 5.871900 ms (FindLiveObjects: 0.051600 ms CreateObjectMapping: 0.011300 ms MarkObjects: 5.726600 ms  DeleteObjects: 0.081900 ms)

========================================================================
Received Import Request.
  Time since last request: 367.646390 seconds.
  path: Assets/M2Mqtt/Messages/MqttMsgPubcomp.cs
  artifactKey: Guid(624a1f2bbc88e16438386f1d4fb16abe) Importer(2089858483,b0f066a214c2f5e87bad3c948f4d605d)
Start importing Assets/M2Mqtt/Messages/MqttMsgPubcomp.cs using Guid(624a1f2bbc88e16438386f1d4fb16abe) Importer(2089858483,b0f066a214c2f5e87bad3c948f4d605d) (ScriptedImporter) -> (artifact id: 'd406a9d32263f3d17b6941b782d40489') in 0.087081 seconds
Number of updated asset objects reloaded before import = 0Number of asset objects unloaded after import = 0

========================================================================
Received Import Request.
  Time since last request: 0.000016 seconds.
  path: Assets/M2Mqtt/Messages/MqttMsgPuback.cs
  artifactKey: Guid(6c5ac6994ae049a4f9e8e157abc5bf8d) Importer(2089858483,b0f066a214c2f5e87bad3c948f4d605d)
Start importing Assets/M2Mqtt/Messages/MqttMsgPuback.cs using Guid(6c5ac6994ae049a4f9e8e157abc5bf8d) Importer(2089858483,b0f066a214c2f5e87bad3c948f4d605d) (ScriptedImporter) -> (artifact id: 'a516477385def3e2fa9de05c92db4d4a') in 0.0070269 seconds
Number of updated asset objects reloaded before import = 0Number of asset objects unloaded after import = 0

========================================================================
Received Import Request.
  Time since last request: 0.000013 seconds.
  path: Assets/M2MqttUnity/Examples/Scripts/M2MqttUnityTest.cs
  artifactKey: Guid(bbaa80705124f9e439d56ca6d5e6db69) Importer(2089858483,b0f066a214c2f5e87bad3c948f4d605d)
Start importing Assets/M2MqttUnity/Examples/Scripts/M2MqttUnityTest.cs using Guid(bbaa80705124f9e439d56ca6d5e6db69) Importer(2089858483,b0f066a214c2f5e87bad3c948f4d605d) (ScriptedImporter) -> (artifact id: '7b2699eef7cf957acb9952e8a309f765') in 0.0069148 seconds
Number of updated asset objects reloaded before import = 0Number of asset objects unloaded after import = 0

========================================================================
Received Import Request.
  Time since last request: 0.000016 seconds.
  path: Assets/M2Mqtt/M2Mqtt_LICENSE.txt
  artifactKey: Guid(8cc8e28a3c0b19a41bf4a445cec2872c) Importer(2089858483,b0f066a214c2f5e87bad3c948f4d605d)
Start importing Assets/M2Mqtt/M2Mqtt_LICENSE.txt using Guid(8cc8e28a3c0b19a41bf4a445cec2872c) Importer(2089858483,b0f066a214c2f5e87bad3c948f4d605d) (ScriptedImporter) -> (artifact id: 'dd36442400a0e58f1bd22b717f79b402') in 0.0080748 seconds
Number of updated asset objects reloaded before import = 0Number of asset objects unloaded after import = 1

========================================================================
Received Import Request.
  Time since last request: 0.000019 seconds.
  path: Assets/M2Mqtt/Exceptions/MqttClientException.cs
  artifactKey: Guid(b12d2a7e9108c9949aece217d3313ffb) Importer(2089858483,b0f066a214c2f5e87bad3c948f4d605d)
Start importing Assets/M2Mqtt/Exceptions/MqttClientException.cs using Guid(b12d2a7e9108c9949aece217d3313ffb) Importer(2089858483,b0f066a214c2f5e87bad3c948f4d605d) (ScriptedImporter) -> (artifact id: '4541fa69bba2356d62a4043b156258c9') in 0.0077602 seconds
Number of updated asset objects reloaded before import = 0Number of asset objects unloaded after import = 0

========================================================================
Received Import Request.
  Time since last request: 0.000015 seconds.
  path: Assets/M2Mqtt/Messages/MqttMsgUnsubscribedEventArgs.cs
  artifactKey: Guid(9b9cb9a812d3e854696cad7d490501bf) Importer(2089858483,b0f066a214c2f5e87bad3c948f4d605d)
Start importing Assets/M2Mqtt/Messages/MqttMsgUnsubscribedEventArgs.cs using Guid(9b9cb9a812d3e854696cad7d490501bf) Importer(2089858483,b0f066a214c2f5e87bad3c948f4d605d) (ScriptedImporter) -> (artifact id: 'b152fbc5cd116bfd3fd67271afaf8cc0') in 0.0082284 seconds
Number of updated asset objects reloaded before import = 0Number of asset objects unloaded after import = 0

========================================================================
Received Import Request.
  Time since last request: 0.000019 seconds.
  path: Assets/M2Mqtt/WinRT/MqttNetworkChannel.cs
  artifactKey: Guid(e15342dad13fc97408b523d01713a34c) Importer(2089858483,b0f066a214c2f5e87bad3c948f4d605d)
Start importing Assets/M2Mqtt/WinRT/MqttNetworkChannel.cs using Guid(e15342dad13fc97408b523d01713a34c) Importer(2089858483,b0f066a214c2f5e87bad3c948f4d605d) (ScriptedImporter) -> (artifact id: '50f713834c12f3c8436e57cc54efe469') in 0.0058961 seconds
Number of updated asset objects reloaded before import = 0Number of asset objects unloaded after import = 0

========================================================================
Received Import Request.
  Time since last request: 0.000028 seconds.
  path: Assets/M2Mqtt/MqttClient.cs
  artifactKey: Guid(5e2e6e599dc93d04da0717a067733bb3) Importer(2089858483,b0f066a214c2f5e87bad3c948f4d605d)
Start importing Assets/M2Mqtt/MqttClient.cs using Guid(5e2e6e599dc93d04da0717a067733bb3) Importer(2089858483,b0f066a214c2f5e87bad3c948f4d605d) (ScriptedImporter) -> (artifact id: '40d16630469d3368574e1887636f939d') in 0.0074153 seconds
Number of updated asset objects reloaded before import = 0Number of asset objects unloaded after import = 0

========================================================================
Received Import Request.
  Time since last request: 0.000019 seconds.
  path: Assets/M2Mqtt/Session/MqttClientSession.cs
  artifactKey: Guid(dc3b6e246ddf456408fd710cf0bce367) Importer(2089858483,b0f066a214c2f5e87bad3c948f4d605d)
Start importing Assets/M2Mqtt/Session/MqttClientSession.cs using Guid(dc3b6e246ddf456408fd710cf0bce367) Importer(2089858483,b0f066a214c2f5e87bad3c948f4d605d) (ScriptedImporter) -> (artifact id: 'bfdad27c976a379475ad2f79137a083e') in 0.0072604 seconds
Number of updated asset objects reloaded before import = 0Number of asset objects unloaded after import = 0

========================================================================
Received Import Request.
  Time since last request: 0.000022 seconds.
  path: Assets/M2Mqtt/Messages/MqttMsgConnack.cs
  artifactKey: Guid(817fb5e187bbe284c854a05992d24b1b) Importer(2089858483,b0f066a214c2f5e87bad3c948f4d605d)
Start importing Assets/M2Mqtt/Messages/MqttMsgConnack.cs using Guid(817fb5e187bbe284c854a05992d24b1b) Importer(2089858483,b0f066a214c2f5e87bad3c948f4d605d) (ScriptedImporter) -> (artifact id: 'ffc2feb5d1532951d62ad918a72d84f8') in 0.0069051 seconds
Number of updated asset objects reloaded before import = 0Number of asset objects unloaded after import = 0

========================================================================
Received Import Request.
  Time since last request: 0.000016 seconds.
  path: Assets/M2Mqtt/epl-v10.txt
  artifactKey: Guid(b3ca18ba9d02c764691a38b6ce68324c) Importer(2089858483,b0f066a214c2f5e87bad3c948f4d605d)
Start importing Assets/M2Mqtt/epl-v10.txt using Guid(b3ca18ba9d02c764691a38b6ce68324c) Importer(2089858483,b0f066a214c2f5e87bad3c948f4d605d) (ScriptedImporter) -> (artifact id: '053aa9eb5bf7eb86e2e23813f2358876') in 0.0071104 seconds
Number of updated asset objects reloaded before import = 0Number of asset objects unloaded after import = 1

========================================================================
Received Import Request.
  Time since last request: 0.000018 seconds.
  path: Assets/M2Mqtt/WinRT/Fx.cs
  artifactKey: Guid(66fa5047a1383c54e9969b916d82fb15) Importer(2089858483,b0f066a214c2f5e87bad3c948f4d605d)
Start importing Assets/M2Mqtt/WinRT/Fx.cs using Guid(66fa5047a1383c54e9969b916d82fb15) Importer(2089858483,b0f066a214c2f5e87bad3c948f4d605d) (ScriptedImporter) -> (artifact id: 'caaa50b77134cd4bcafcff2978e9c7c7') in 0.0068893 seconds
Number of updated asset objects reloaded before import = 0Number of asset objects unloaded after import = 0

========================================================================
Received Import Request.
  Time since last request: 0.000014 seconds.
  path: Assets/M2Mqtt/Messages/MqttMsgSubscribe.cs
  artifactKey: Guid(05fbe0ee63fed49438d0084469af8cca) Importer(2089858483,b0f066a214c2f5e87bad3c948f4d605d)
Start importing Assets/M2Mqtt/Messages/MqttMsgSubscribe.cs using Guid(05fbe0ee63fed49438d0084469af8cca) Importer(2089858483,b0f066a214c2f5e87bad3c948f4d605d) (ScriptedImporter) -> (artifact id: '025d5689d1fc685e9efd4d958ba533f8') in 0.0076669 seconds
Number of updated asset objects reloaded before import = 0Number of asset objects unloaded after import = 0

========================================================================
Received Import Request.
  Time since last request: 0.000021 seconds.
  path: Assets/M2Mqtt/Utility/QueueExtension.cs
  artifactKey: Guid(8a0b522302464f5468d6c8fcb8d1f577) Importer(2089858483,b0f066a214c2f5e87bad3c948f4d605d)
Start importing Assets/M2Mqtt/Utility/QueueExtension.cs using Guid(8a0b522302464f5468d6c8fcb8d1f577) Importer(2089858483,b0f066a214c2f5e87bad3c948f4d605d) (ScriptedImporter) -> (artifact id: '49becee5d54a66f743a4fd19da572788') in 0.0073577 seconds
Number of updated asset objects reloaded before import = 0Number of asset objects unloaded after import = 0

========================================================================
Received Import Request.
  Time since last request: 0.000019 seconds.
  path: Assets/M2MqttUnity/Scripts/M2MqttUnityClient.cs
  artifactKey: Guid(a07e1522ea617e546ad6df6d7f2a0bdc) Importer(2089858483,b0f066a214c2f5e87bad3c948f4d605d)
Start importing Assets/M2MqttUnity/Scripts/M2MqttUnityClient.cs using Guid(a07e1522ea617e546ad6df6d7f2a0bdc) Importer(2089858483,b0f066a214c2f5e87bad3c948f4d605d) (ScriptedImporter) -> (artifact id: '0e3083a84c8514aade3fab247aac07f7') in 0.0068638 seconds
Number of updated asset objects reloaded before import = 0Number of asset objects unloaded after import = 0

========================================================================
Received Import Request.
  Time since last request: 0.000026 seconds.
  path: Assets/M2Mqtt/Messages/MqttMsgSubscribeEventArgs.cs
  artifactKey: Guid(db71b083234278e45a35bc2c84aab0e5) Importer(2089858483,b0f066a214c2f5e87bad3c948f4d605d)
Start importing Assets/M2Mqtt/Messages/MqttMsgSubscribeEventArgs.cs using Guid(db71b083234278e45a35bc2c84aab0e5) Importer(2089858483,b0f066a214c2f5e87bad3c948f4d605d) (ScriptedImporter) -> (artifact id: '22e3409009295f2830a38addbfd55840') in 0.0072188 seconds
Number of updated asset objects reloaded before import = 0Number of asset objects unloaded after import = 0

Editor requested this worker to shutdown with reason: Scaling down because of idle timeout
AssetImportWorker is now disconnected from the server
Process exiting
Exiting without the bug reporter. Application will terminate with return code 0